// Jest Snapshot v1, https://goo.gl/fbAQLP

exports[`should render Add Expense Page Correctly 1`] = `
<div>
  <div
    className="page-header"
  >
    <div
      className="content-container"
    >
      <h1
        className="page-header_title"
      >
        Add Expense
      </h1>
    </div>
  </div>
  <div
    className="content-container"
  >
    <ExpenseForm
      onSubmit={[Function]}
    />
  </div>
</div>
`;
