// Jest Snapshot v1, https://goo.gl/fbAQLP

exports[`sholud render Expense PageNotFound correctly 1`] = `
<div>
  <p>
    404!
  </p>
  <[object Object]
    to="/"
  >
    GO HOME
  </[object Object]>
</div>
`;
